2025-11-21 17:10:49 UTC
Windows-11-10.0.26100-SP0
Ren'Py 8.4.1.25072401

Early init took 54 ms
Loading error handling took 46 ms
Loading script took 1241 ms
Loading save slot metadata took 379 ms
Loading persistent took 0 ms
Running init code took 152 ms
Loading analysis data took 13 ms
Analyze and compile ATL took 1 ms
Reloading save slot metadata took 304 ms
Backing up script files to 'C:\\Users\\nazar\\AppData\\Roaming/RenPy/backups\\El-Signo-Amarillo':
Dump and make backups took 135 ms
Cleaning cache took 0 ms
Making clean stores took 1 ms
Initial gc took 44 ms
DPI scale factor: 1.250000
nvdrs: Loaded, about to disable thread optimizations.
nvdrs: Disabled thread optimizations.
Creating interface object took 342 ms
Init translation took 1 ms
Cleaning stores took 0 ms
Load screen analysis took 14 ms
Analyze screens took 11 ms
Save screen analysis took 13 ms
Save pyanalysis took 0 ms
Save bytecode took 24 ms
Running _start took 1 ms
Interface start took 1726 ms

Initializing gl2 renderer:
primary display bounds: (0, 0, 1920, 1080)
swap interval: 1 frames
Windowed mode.
Vendor: 'NVIDIA Corporation'
Renderer: 'NVIDIA GeForce GTX 1650/PCIe/SSE2'
Version: '4.6.0 NVIDIA 576.52'
Display Info: <Info({'bitsize': 32, 'bytesize': 4, 'masks': (16711680, 65280, 255, 0), 'shifts': (16, 8, 0, 0), 'losses': (0, 0, 0, 8), 'current_w': 1920, 'current_h': 1080, 'refresh_rate': 144, 'hw': False, 'wm': True, 'video_mem': 268435456, 'blit_hw': False, 'blit_hw_CC': False, 'blit_hw_A': False, 'blit_sw': False, 'blit_sw_CC': False, 'blit_sw_A': False})>
Screen sizes: virtual=(1920, 1080) physical=(1920, 991) drawable=(1920, 991)
Maximum texture size: 4096x4096
Screen sizes: virtual=(1920, 1080) physical=(1920, 991) drawable=(1920, 991)
Maximum texture size: 4096x4096

Full traceback:
  File "game/script.rpy", line 13, in script call
    call esc_2B
  File "renpy/ast.py", line 1622, in execute
    rv = renpy.game.context().call(label, return_site=self.next.name)
         ~~~~~~~~~~~~~~~~~~~~~~~~~^^^^^^^^^^^^^^^^^^^^^^^^^^^^^^^^^^^
  File "game/script.rpy", line 13, in script call
    call esc_2B
  File "renpy/script.py", line 1161, in lookup
    raise LabelNotFound(original)
renpy.script.LabelNotFound: could not find label 'esc_2B'. Did you mean: 'esc_2C'?

While running game code:
  File "game/script.rpy", line 13, in script call
    call esc_2B
  File "game/script.rpy", line 13, in script call
    call esc_2B
renpy.script.LabelNotFound: could not find label 'esc_2B'. Did you mean: 'esc_2C'?
Screen sizes: virtual=(1920, 1080) physical=(1920, 991) drawable=(1920, 991)
Maximum texture size: 4096x4096
Screen sizes: virtual=(1920, 1080) physical=(1920, 991) drawable=(1920, 991)
Maximum texture size: 4096x4096
Screen sizes: virtual=(1920, 1080) physical=(1920, 991) drawable=(1920, 991)
Maximum texture size: 4096x4096
Screen sizes: virtual=(1920, 1080) physical=(1920, 991) drawable=(1920, 991)
Maximum texture size: 4096x4096
Resetting cache.
Early init took 11 ms
Loading error handling took 7 ms
Loading script took 288 ms
Loading save slot metadata took 10 ms
Loading persistent took 0 ms
Running init code took 23 ms
Loading analysis data took 0 ms
Analyze and compile ATL took 3 ms
Reloading save slot metadata took 4 ms
Backing up script files to 'C:\\Users\\nazar\\AppData\\Roaming/RenPy/backups\\El-Signo-Amarillo':
Dump and make backups took 84 ms
Cleaning cache took 0 ms
Making clean stores took 1 ms
Initial gc took 59 ms
DPI scale factor: 1.250000
nvdrs: Loaded, about to disable thread optimizations.
nvdrs: Disabled thread optimizations.
Creating interface object took 270 ms
Init translation took 0 ms
Cleaning stores took 0 ms
Load screen analysis took 0 ms
Analyze screens took 22 ms
Save screen analysis took 10 ms
Save pyanalysis took 3 ms
Save bytecode took 2 ms
Running _start took 1 ms
Interface start took 1293 ms

Initializing gl2 renderer:
primary display bounds: (0, 0, 1920, 1080)
swap interval: 1 frames
Windowed mode.
Vendor: 'NVIDIA Corporation'
Renderer: 'NVIDIA GeForce GTX 1650/PCIe/SSE2'
Version: '4.6.0 NVIDIA 576.52'
Display Info: <Info({'bitsize': 32, 'bytesize': 4, 'masks': (16711680, 65280, 255, 0), 'shifts': (16, 8, 0, 0), 'losses': (0, 0, 0, 8), 'current_w': 1920, 'current_h': 1080, 'refresh_rate': 144, 'hw': False, 'wm': True, 'video_mem': 268435456, 'blit_hw': False, 'blit_hw_CC': False, 'blit_hw_A': False, 'blit_sw': False, 'blit_sw_CC': False, 'blit_sw_A': False})>
Screen sizes: virtual=(1920, 1080) physical=(1920, 991) drawable=(1920, 991)
Maximum texture size: 4096x4096
Screen sizes: virtual=(1920, 1080) physical=(1920, 991) drawable=(1920, 991)
Maximum texture size: 4096x4096

Full traceback:
  File "renpy/common/00start.rpy", line 219, in script call
    call _load_reload_game from _call__load_reload_game_1
  File "renpy/common/00keymap.rpy", line 551, in script
    python hide:
  File "renpy/ast.py", line 1187, in execute
    renpy.python.py_exec_bytecode(self.code.bytecode, self.hide, store=self.store)
    ~~~~~~~~~~~~~~~~~~~~~~~~~~~~~^^^^^^^^^^^^^^^^^^^^^^^^^^^^^^^^^^^^^^^^^^^^^^^^^
  File "renpy/python.py", line 1260, in py_exec_bytecode
    exec(bytecode, globals, locals)
    ~~~~^^^^^^^^^^^^^^^^^^^^^^^^^^^
  File "renpy/common/00keymap.rpy", line 551, in <module>
    python hide:
  File "renpy/common/00keymap.rpy", line 565, in _execute_python_hide
    renpy.load(renpy.session["_reload_slot"])
    ~~~~~~~~~~^^^^^^^^^^^^^^^^^^^^^^^^^^^^^^^
  File "renpy/loadsave.py", line 636, in load
    log.unfreeze(roots, label="_after_load")
    ~~~~~~~~~~~~^^^^^^^^^^^^^^^^^^^^^^^^^^^^
  File "renpy/rollback.py", line 1145, in unfreeze
    self.rollback(0, force=True, label=label, greedy=greedy, on_load=True)
    ~~~~~~~~~~~~~^^^^^^^^^^^^^^^^^^^^^^^^^^^^^^^^^^^^^^^^^^^^^^^^^^^^^^^^^
  File "renpy/rollback.py", line 950, in rollback
    self.load_failed()
    ~~~~~~~~~~~~~~~~^^
  File "renpy/rollback.py", line 864, in load_failed
    raise Exception(
        "Couldn't find a place to stop rolling back. Perhaps the script changed in an incompatible way?"
    )
Exception: Couldn't find a place to stop rolling back. Perhaps the script changed in an incompatible way?

While running game code:
Exception: Couldn't find a place to stop rolling back. Perhaps the script changed in an incompatible way?

Full traceback:
  File "renpy/common/00start.rpy", line 219, in script call
    call _load_reload_game from _call__load_reload_game_1
  File "renpy/common/00keymap.rpy", line 551, in script
    python hide:
  File "renpy/ast.py", line 1187, in execute
    renpy.python.py_exec_bytecode(self.code.bytecode, self.hide, store=self.store)
    ~~~~~~~~~~~~~~~~~~~~~~~~~~~~~^^^^^^^^^^^^^^^^^^^^^^^^^^^^^^^^^^^^^^^^^^^^^^^^^
  File "renpy/python.py", line 1260, in py_exec_bytecode
    exec(bytecode, globals, locals)
    ~~~~^^^^^^^^^^^^^^^^^^^^^^^^^^^
  File "renpy/common/00keymap.rpy", line 551, in <module>
    python hide:
  File "renpy/common/00keymap.rpy", line 565, in _execute_python_hide
    renpy.load(renpy.session["_reload_slot"])
    ~~~~~~~~~~^^^^^^^^^^^^^^^^^^^^^^^^^^^^^^^
  File "renpy/loadsave.py", line 636, in load
    log.unfreeze(roots, label="_after_load")
    ~~~~~~~~~~~~^^^^^^^^^^^^^^^^^^^^^^^^^^^^
  File "renpy/rollback.py", line 1145, in unfreeze
    self.rollback(0, force=True, label=label, greedy=greedy, on_load=True)
    ~~~~~~~~~~~~~^^^^^^^^^^^^^^^^^^^^^^^^^^^^^^^^^^^^^^^^^^^^^^^^^^^^^^^^^
  File "renpy/rollback.py", line 950, in rollback
    self.load_failed()
    ~~~~~~~~~~~~~~~~^^
  File "renpy/rollback.py", line 864, in load_failed
    raise Exception(
        "Couldn't find a place to stop rolling back. Perhaps the script changed in an incompatible way?"
    )
Exception: Couldn't find a place to stop rolling back. Perhaps the script changed in an incompatible way?

During handling of the above exception, another exception occurred:

Traceback (most recent call last):
  File "renpy/bootstrap.py", line 376, in bootstrap
    renpy.main.main()
    ~~~~~~~~~~~~~~~^^
  File "renpy/main.py", line 614, in main
    run(restart)
    ~~~^^^^^^^^^
  File "renpy/main.py", line 137, in run
    renpy.execution.run_context(True)
    ~~~~~~~~~~~~~~~~~~~~~~~~~~~^^^^^^
  File "renpy/execution.py", line 1022, in run_context
    context.run()
    ~~~~~~~~~~~^^
  File "renpy/common/00start.rpy", line 219, in script call
    call _load_reload_game from _call__load_reload_game_1
  File "renpy/common/00keymap.rpy", line 551, in script
    python hide:
  File "renpy/common/00start.rpy", line 219, in script call
    call _load_reload_game from _call__load_reload_game_1
  File "renpy/common/00keymap.rpy", line 551, in script
    python hide:
  File "renpy/display/error.py", line 135, in report_exception
    renpy.game.invoke_in_new_context(
    ~~~~~~~~~~~~~~~~~~~~~~~~~~~~~~~~^
        call_exception_screen,
        ^^^^^^^^^^^^^^^^^^^^^^
    ...<4 lines>...
        ignore_action=ignore_action,
        ^^^^^^^^^^^^^^^^^^^^^^^^^^^^
    )
    ^
  File "renpy/game.py", line 301, in invoke_in_new_context
    return callable(*args, **kwargs)
           ~~~~~~~~^^^^^^^^^^^^^^^^^
  File "renpy/display/error.py", line 44, in call_exception_screen
    return renpy.ui.interact(mouse="screen", type="screen", suppress_overlay=True, suppress_underlay=True)
           ~~~~~~~~~~~~~~~~~^^^^^^^^^^^^^^^^^^^^^^^^^^^^^^^^^^^^^^^^^^^^^^^^^^^^^^^^^^^^^^^^^^^^^^^^^^^^^^
  File "renpy/ui.py", line 304, in interact
    rv = renpy.game.interface.interact(roll_forward=roll_forward, **kwargs)
         ~~~~~~~~~~~~~~~~~~~~~~~~~~~~~^^^^^^^^^^^^^^^^^^^^^^^^^^^^^^^^^^^^^
  File "renpy/display/core.py", line 2219, in interact
    repeat, rv = self.interact_core(
                 ~~~~~~~~~~~~~~~~~~^
        preloads=preloads,
        ^^^^^^^^^^^^^^^^^^
    ...<4 lines>...
        **kwargs,
        ^^^^^^^^^
    )  # type: ignore
    ^                
  File "renpy/display/core.py", line 3302, in interact_core
    rv = root_widget.event(ev, x, y, 0)
         ~~~~~~~~~~~~~~~~~^^^^^^^^^^^^^
  File "renpy/display/layout.py", line 1284, in event
    rv = i.event(ev, x - xo, y - yo, cst)
         ~~~~~~~^^^^^^^^^^^^^^^^^^^^^^^^^
  File "renpy/display/layout.py", line 1284, in event
    rv = i.event(ev, x - xo, y - yo, cst)
         ~~~~~~~^^^^^^^^^^^^^^^^^^^^^^^^^
  File "renpy/display/layout.py", line 1284, in event
    rv = i.event(ev, x - xo, y - yo, cst)
         ~~~~~~~^^^^^^^^^^^^^^^^^^^^^^^^^
  File "renpy/display/screen.py", line 805, in event
    rv = self.child.event(ev, x, y, st)
         ~~~~~~~~~~~~~~~~^^^^^^^^^^^^^^
  File "renpy/display/layout.py", line 1284, in event
    rv = i.event(ev, x - xo, y - yo, cst)
         ~~~~~~~^^^^^^^^^^^^^^^^^^^^^^^^^
  File "renpy/display/layout.py", line 1508, in event
    rv = super(Window, self).event(ev, x, y, st)
         ~~~~~~~~~~~~~~~~~~~~~~~~~^^^^^^^^^^^^^^
  File "renpy/display/layout.py", line 273, in event
    rv = d.event(ev, x - xo, y - yo, st)
         ~~~~~~~^^^^^^^^^^^^^^^^^^^^^^^^
  File "renpy/display/layout.py", line 273, in event
    rv = d.event(ev, x - xo, y - yo, st)
         ~~~~~~~^^^^^^^^^^^^^^^^^^^^^^^^
  File "renpy/display/layout.py", line 1284, in event
    rv = i.event(ev, x - xo, y - yo, cst)
         ~~~~~~~^^^^^^^^^^^^^^^^^^^^^^^^^
  File "renpy/display/layout.py", line 1284, in event
    rv = i.event(ev, x - xo, y - yo, cst)
         ~~~~~~~^^^^^^^^^^^^^^^^^^^^^^^^^
  File "renpy/display/layout.py", line 1284, in event
    rv = i.event(ev, x - xo, y - yo, cst)
         ~~~~~~~^^^^^^^^^^^^^^^^^^^^^^^^^
  File "renpy/display/behavior.py", line 1184, in event
    return handle_click(self.clicked)
           ~~~~~~~~~~~~^^^^^^^^^^^^^^
  File "renpy/display/behavior.py", line 1107, in handle_click
    rv = run(action)
         ~~~^^^^^^^^
  File "renpy/display/behavior.py", line 411, in run
    return action(*args, **kwargs)
           ~~~~~~^^^^^^^^^^^^^^^^^
  File "renpy/display/error.py", line 51, in rollback_action
    renpy.exports.rollback(force=True)
    ~~~~~~~~~~~~~~~~~~~~~~^^^^^^^^^^^^
  File "renpy/exports/rollbackexports.py", line 233, in rollback
    renpy.game.log.rollback(
    ~~~~~~~~~~~~~~~~~~~~~~~^
        checkpoints, greedy=greedy, label=label, force=(force is True), abnormal=abnormal, current_label=current_label
        ^^^^^^^^^^^^^^^^^^^^^^^^^^^^^^^^^^^^^^^^^^^^^^^^^^^^^^^^^^^^^^^^^^^^^^^^^^^^^^^^^^^^^^^^^^^^^^^^^^^^^^^^^^^^^^
    )
    ^
  File "renpy/rollback.py", line 950, in rollback
    self.load_failed()
    ~~~~~~~~~~~~~~~~^^
  File "renpy/rollback.py", line 864, in load_failed
    raise Exception(
        "Couldn't find a place to stop rolling back. Perhaps the script changed in an incompatible way?"
    )
Exception: Couldn't find a place to stop rolling back. Perhaps the script changed in an incompatible way?

While running game code:
Exception: Couldn't find a place to stop rolling back. Perhaps the script changed in an incompatible way?

During handling of the above exception, another exception occurred:

Exception: Couldn't find a place to stop rolling back. Perhaps the script changed in an incompatible way?
