2025-11-28 15:06:20 UTC
Windows-11-10.0.26200-SP0
Ren'Py 8.4.1.25072401

Early init took 45 ms
Loading error handling took 32 ms
Loading script took 863 ms
Loading save slot metadata took 33 ms
Loading persistent took 0 ms
Running init code took 64 ms
Loading analysis data took 3 ms
Analyze and compile ATL took 1 ms
Reloading save slot metadata took 24 ms
Backing up script files to 'C:\\Users\\Casto\\AppData\\Roaming/RenPy/backups\\El-Signo-Amarillo':
Dump and make backups took 71 ms
Cleaning cache took 0 ms
Making clean stores took 0 ms
Initial gc took 44 ms
DPI scale factor: 1.000000
nvdrs: Loaded, about to disable thread optimizations.
nvdrs: Disabled thread optimizations.
Creating interface object took 263 ms
Init translation took 0 ms
Cleaning stores took 0 ms
Load screen analysis took 1 ms
Analyze screens took 8 ms
Save screen analysis took 10 ms
Save pyanalysis took 0 ms
Save bytecode took 18 ms
Running _start took 2 ms
Interface start took 226 ms

Initializing gl2 renderer:
primary display bounds: (0, 0, 1920, 1080)
swap interval: 1 frames
Windowed mode.
Vendor: 'NVIDIA Corporation'
Renderer: 'NVIDIA GeForce RTX 3060/PCIe/SSE2'
Version: '4.6.0 NVIDIA 581.29'
Display Info: <Info({'bitsize': 32, 'bytesize': 4, 'masks': (16711680, 65280, 255, 0), 'shifts': (16, 8, 0, 0), 'losses': (0, 0, 0, 8), 'current_w': 1920, 'current_h': 1080, 'refresh_rate': 144, 'hw': False, 'wm': True, 'video_mem': 268435456, 'blit_hw': False, 'blit_hw_CC': False, 'blit_hw_A': False, 'blit_sw': False, 'blit_sw_CC': False, 'blit_sw_A': False})>
Screen sizes: virtual=(1920, 1080) physical=(1196, 673) drawable=(1196, 673)
Maximum texture size: 4096x4096

Full traceback:
  File "game/script.rpy", line 125, in script call
    call esc_18C_1
  File "game/Scenes/Branch3/Esc18C_1.rpy", line 30, in script
    play sfx audio.sfx_paper_rustle
  File "renpy/ast.py", line 2231, in execute
    self.call("execute")
    ~~~~~~~~~^^^^^^^^^^^
  File "renpy/ast.py", line 2195, in call
    return renpy.statements.call(method, parsed, *args, **kwargs)
           ~~~~~~~~~~~~~~~~~~~~~^^^^^^^^^^^^^^^^^^^^^^^^^^^^^^^^^
  File "renpy/statements.py", line 379, in call
    return method(parsed, *args, **kwargs)
           ~~~~~~^^^^^^^^^^^^^^^^^^^^^^^^^
  File "renpy/common/000statements.rpy", line 131, in execute_play_music
    _audio_eval(p["file"]),
    ~~~~~~~~~~~^^^^^^^^^^^ 
  File "renpy/common/000statements.rpy", line 39, in _audio_eval
    return eval(expr, locals=store.audio.__dict__)
           ~~~~^^^^^^^^^^^^^^^^^^^^^^^^^^^^^^^^^^^
  File "renpy/python.py", line 1292, in py_eval
    return py_eval_bytecode(code, globals, locals)
           ~~~~~~~~~~~~~~~~^^^^^^^^^^^^^^^^^^^^^^^
  File "renpy/python.py", line 1285, in py_eval_bytecode
    return eval(bytecode, globals, locals)
           ~~~~^^^^^^^^^^^^^^^^^^^^^^^^^^^
  File "game/Scenes/Branch3/Esc18C_1.rpy", line 30, in <module>
    play sfx audio.sfx_paper_rustle
             ^^^^^^^^^^^^^^^^^^^^^^
AttributeError: 'StoreModule' object has no attribute 'sfx_paper_rustle'

While running game code:
  File "game/script.rpy", line 125, in script call
    call esc_18C_1
  File "game/Scenes/Branch3/Esc18C_1.rpy", line 30, in script
    play sfx audio.sfx_paper_rustle
  File "game/Scenes/Branch3/Esc18C_1.rpy", line 30, in <module>
    play sfx audio.sfx_paper_rustle
             ^^^^^^^^^^^^^^^^^^^^^^
AttributeError: 'StoreModule' object has no attribute 'sfx_paper_rustle'

Full traceback:
  File "game/script.rpy", line 125, in script call
    call esc_18C_1
  File "game/Scenes/Branch3/Esc18C_1.rpy", line 30, in script
    play sfx audio.sfx_paper_rustle
  File "renpy/ast.py", line 2231, in execute
    self.call("execute")
    ~~~~~~~~~^^^^^^^^^^^
  File "renpy/ast.py", line 2195, in call
    return renpy.statements.call(method, parsed, *args, **kwargs)
           ~~~~~~~~~~~~~~~~~~~~~^^^^^^^^^^^^^^^^^^^^^^^^^^^^^^^^^
  File "renpy/statements.py", line 379, in call
    return method(parsed, *args, **kwargs)
           ~~~~~~^^^^^^^^^^^^^^^^^^^^^^^^^
  File "renpy/common/000statements.rpy", line 131, in execute_play_music
    _audio_eval(p["file"]),
    ~~~~~~~~~~~^^^^^^^^^^^ 
  File "renpy/common/000statements.rpy", line 39, in _audio_eval
    return eval(expr, locals=store.audio.__dict__)
           ~~~~^^^^^^^^^^^^^^^^^^^^^^^^^^^^^^^^^^^
  File "renpy/python.py", line 1292, in py_eval
    return py_eval_bytecode(code, globals, locals)
           ~~~~~~~~~~~~~~~~^^^^^^^^^^^^^^^^^^^^^^^
  File "renpy/python.py", line 1285, in py_eval_bytecode
    return eval(bytecode, globals, locals)
           ~~~~^^^^^^^^^^^^^^^^^^^^^^^^^^^
  File "game/Scenes/Branch3/Esc18C_1.rpy", line 30, in <module>
    play sfx audio.sfx_paper_rustle
             ^^^^^^^^^^^^^^^^^^^^^^
AttributeError: 'StoreModule' object has no attribute 'sfx_paper_rustle'

While running game code:
  File "game/script.rpy", line 125, in script call
    call esc_18C_1
  File "game/Scenes/Branch3/Esc18C_1.rpy", line 30, in script
    play sfx audio.sfx_paper_rustle
  File "game/Scenes/Branch3/Esc18C_1.rpy", line 30, in <module>
    play sfx audio.sfx_paper_rustle
             ^^^^^^^^^^^^^^^^^^^^^^
AttributeError: 'StoreModule' object has no attribute 'sfx_paper_rustle'
Resetting cache.
Early init took 13 ms
Loading error handling took 15 ms
Loading script took 290 ms
Loading save slot metadata took 26 ms
Loading persistent took 0 ms
Running init code took 24 ms
Loading analysis data took 4 ms
Analyze and compile ATL took 0 ms
Reloading save slot metadata took 26 ms
Backing up script files to 'C:\\Users\\Casto\\AppData\\Roaming/RenPy/backups\\El-Signo-Amarillo':
Dump and make backups took 71 ms
Cleaning cache took 0 ms
Making clean stores took 0 ms
Initial gc took 56 ms
DPI scale factor: 1.000000
nvdrs: Loaded, about to disable thread optimizations.
nvdrs: Disabled thread optimizations.
Creating interface object took 232 ms
Init translation took 1 ms
Cleaning stores took 0 ms
Load screen analysis took 0 ms
Analyze screens took 9 ms
Save screen analysis took 10 ms
Save pyanalysis took 1 ms
Save bytecode took 0 ms
Running _start took 1 ms
Interface start took 211 ms

Initializing gl2 renderer:
primary display bounds: (0, 0, 1920, 1080)
swap interval: 1 frames
Windowed mode.
Vendor: 'NVIDIA Corporation'
Renderer: 'NVIDIA GeForce RTX 3060/PCIe/SSE2'
Version: '4.6.0 NVIDIA 581.29'
Display Info: <Info({'bitsize': 32, 'bytesize': 4, 'masks': (16711680, 65280, 255, 0), 'shifts': (16, 8, 0, 0), 'losses': (0, 0, 0, 8), 'current_w': 1920, 'current_h': 1080, 'refresh_rate': 144, 'hw': False, 'wm': True, 'video_mem': 268435456, 'blit_hw': False, 'blit_hw_CC': False, 'blit_hw_A': False, 'blit_sw': False, 'blit_sw_CC': False, 'blit_sw_A': False})>
Screen sizes: virtual=(1920, 1080) physical=(1196, 673) drawable=(1196, 673)
Maximum texture size: 4096x4096
Cleaning stores took 0 ms
Load screen analysis took 15 ms
Analyze screens took 0 ms
Running _start took 2 ms

Full traceback:
  File "game/script.rpy", line 133, in script call
    call esc_24C_1A
  File "renpy/ast.py", line 1622, in execute
    rv = renpy.game.context().call(label, return_site=self.next.name)
         ~~~~~~~~~~~~~~~~~~~~~~~~~^^^^^^^^^^^^^^^^^^^^^^^^^^^^^^^^^^^
  File "game/script.rpy", line 133, in script call
    call esc_24C_1A
  File "renpy/script.py", line 1161, in lookup
    raise LabelNotFound(original)
renpy.script.LabelNotFound: could not find label 'esc_24C_1A'. Did you mean: 'esc_24C_1'?

While running game code:
  File "game/script.rpy", line 133, in script call
    call esc_24C_1A
  File "game/script.rpy", line 133, in script call
    call esc_24C_1A
renpy.script.LabelNotFound: could not find label 'esc_24C_1A'. Did you mean: 'esc_24C_1'?

Full traceback:
  File "game/script.rpy", line 133, in script call
    call esc_24C_1A
  File "renpy/ast.py", line 1622, in execute
    rv = renpy.game.context().call(label, return_site=self.next.name)
         ~~~~~~~~~~~~~~~~~~~~~~~~~^^^^^^^^^^^^^^^^^^^^^^^^^^^^^^^^^^^
  File "game/script.rpy", line 133, in script call
    call esc_24C_1A
  File "renpy/script.py", line 1161, in lookup
    raise LabelNotFound(original)
renpy.script.LabelNotFound: could not find label 'esc_24C_1A'. Did you mean: 'esc_24C_1'?

While running game code:
  File "game/script.rpy", line 133, in script call
    call esc_24C_1A
  File "game/script.rpy", line 133, in script call
    call esc_24C_1A
renpy.script.LabelNotFound: could not find label 'esc_24C_1A'. Did you mean: 'esc_24C_1'?

Full traceback:
  File "game/script.rpy", line 133, in script call
    call esc_24C_1A
  File "renpy/ast.py", line 1622, in execute
    rv = renpy.game.context().call(label, return_site=self.next.name)
         ~~~~~~~~~~~~~~~~~~~~~~~~~^^^^^^^^^^^^^^^^^^^^^^^^^^^^^^^^^^^
  File "game/script.rpy", line 133, in script call
    call esc_24C_1A
  File "renpy/script.py", line 1161, in lookup
    raise LabelNotFound(original)
renpy.script.LabelNotFound: could not find label 'esc_24C_1A'. Did you mean: 'esc_24C_1'?

While running game code:
  File "game/script.rpy", line 133, in script call
    call esc_24C_1A
  File "game/script.rpy", line 133, in script call
    call esc_24C_1A
renpy.script.LabelNotFound: could not find label 'esc_24C_1A'. Did you mean: 'esc_24C_1'?
Resetting cache.
Early init took 15 ms
Loading error handling took 10 ms
Loading script took 295 ms
Loading save slot metadata took 30 ms
Loading persistent took 0 ms
Running init code took 25 ms
Loading analysis data took 2 ms
Analyze and compile ATL took 2 ms
Reloading save slot metadata took 27 ms
Backing up script files to 'C:\\Users\\Casto\\AppData\\Roaming/RenPy/backups\\El-Signo-Amarillo':
Dump and make backups took 66 ms
Cleaning cache took 0 ms
Making clean stores took 1 ms
Initial gc took 58 ms
DPI scale factor: 1.000000
nvdrs: Loaded, about to disable thread optimizations.
nvdrs: Disabled thread optimizations.
Creating interface object took 222 ms
Init translation took 0 ms
Cleaning stores took 0 ms
Load screen analysis took 0 ms
Analyze screens took 8 ms
Save screen analysis took 11 ms
Save pyanalysis took 0 ms
Save bytecode took 0 ms
Running _start took 1 ms
Interface start took 218 ms

Initializing gl2 renderer:
primary display bounds: (0, 0, 1920, 1080)
swap interval: 1 frames
Windowed mode.
Vendor: 'NVIDIA Corporation'
Renderer: 'NVIDIA GeForce RTX 3060/PCIe/SSE2'
Version: '4.6.0 NVIDIA 581.29'
Display Info: <Info({'bitsize': 32, 'bytesize': 4, 'masks': (16711680, 65280, 255, 0), 'shifts': (16, 8, 0, 0), 'losses': (0, 0, 0, 8), 'current_w': 1920, 'current_h': 1080, 'refresh_rate': 144, 'hw': False, 'wm': True, 'video_mem': 268435456, 'blit_hw': False, 'blit_hw_CC': False, 'blit_hw_A': False, 'blit_sw': False, 'blit_sw_CC': False, 'blit_sw_A': False})>
Screen sizes: virtual=(1920, 1080) physical=(1196, 673) drawable=(1196, 673)
Maximum texture size: 4096x4096
Cleaning stores took 0 ms
Load screen analysis took 14 ms
Analyze screens took 0 ms
Running _start took 2 ms
Cleaning stores took 0 ms
Load screen analysis took 12 ms
Analyze screens took 0 ms
Running _start took 2 ms

Full traceback:
  File "game/script.rpy", line 53, in script call
    call esc_14A
  File "renpy/ast.py", line 1622, in execute
    rv = renpy.game.context().call(label, return_site=self.next.name)
         ~~~~~~~~~~~~~~~~~~~~~~~~~^^^^^^^^^^^^^^^^^^^^^^^^^^^^^^^^^^^
  File "game/script.rpy", line 53, in script call
    call esc_14A
  File "renpy/script.py", line 1161, in lookup
    raise LabelNotFound(original)
renpy.script.LabelNotFound: could not find label 'esc_14A'. Did you mean: 'esc_10A'?

While running game code:
  File "game/script.rpy", line 53, in script call
    call esc_14A
  File "game/script.rpy", line 53, in script call
    call esc_14A
renpy.script.LabelNotFound: could not find label 'esc_14A'. Did you mean: 'esc_10A'?
Resetting cache.
Early init took 13 ms
Loading error handling took 10 ms
Loading script took 300 ms
Loading save slot metadata took 29 ms
Loading persistent took 0 ms
Running init code took 25 ms
Loading analysis data took 2 ms
Analyze and compile ATL took 1 ms
Reloading save slot metadata took 27 ms
Backing up script files to 'C:\\Users\\Casto\\AppData\\Roaming/RenPy/backups\\El-Signo-Amarillo':
Dump and make backups took 71 ms
Cleaning cache took 0 ms
Making clean stores took 0 ms
Initial gc took 57 ms
DPI scale factor: 1.000000
nvdrs: Loaded, about to disable thread optimizations.
nvdrs: Disabled thread optimizations.
Creating interface object took 228 ms
Init translation took 0 ms
Cleaning stores took 1 ms
Load screen analysis took 0 ms
Analyze screens took 8 ms
Save screen analysis took 10 ms
Save pyanalysis took 0 ms
Save bytecode took 1 ms
Running _start took 0 ms
Interface start took 210 ms

Initializing gl2 renderer:
primary display bounds: (0, 0, 1920, 1080)
swap interval: 1 frames
Windowed mode.
Vendor: 'NVIDIA Corporation'
Renderer: 'NVIDIA GeForce RTX 3060/PCIe/SSE2'
Version: '4.6.0 NVIDIA 581.29'
Display Info: <Info({'bitsize': 32, 'bytesize': 4, 'masks': (16711680, 65280, 255, 0), 'shifts': (16, 8, 0, 0), 'losses': (0, 0, 0, 8), 'current_w': 1920, 'current_h': 1080, 'refresh_rate': 144, 'hw': False, 'wm': True, 'video_mem': 268435456, 'blit_hw': False, 'blit_hw_CC': False, 'blit_hw_A': False, 'blit_sw': False, 'blit_sw_CC': False, 'blit_sw_A': False})>
Screen sizes: virtual=(1920, 1080) physical=(1196, 673) drawable=(1196, 673)
Maximum texture size: 4096x4096
Screen sizes: virtual=(1920, 1080) physical=(1196, 675) drawable=(1196, 675)
Maximum texture size: 4096x4096
Cleaning stores took 0 ms
Load screen analysis took 15 ms
Analyze screens took 0 ms
Running _start took 2 ms
Screen sizes: virtual=(1920, 1080) physical=(1196, 674) drawable=(1196, 674)
Maximum texture size: 4096x4096
Cleaning stores took 0 ms
Load screen analysis took 12 ms
Analyze screens took 0 ms
Running _start took 2 ms

Full traceback:
  File "renpy/ast.py", line 625, in eval_who
    return renpy.python.py_eval(who)
           ~~~~~~~~~~~~~~~~~~~~^^^^^
  File "renpy/python.py", line 1292, in py_eval
    return py_eval_bytecode(code, globals, locals)
           ~~~~~~~~~~~~~~~~^^^^^^^^^^^^^^^^^^^^^^^
  File "renpy/python.py", line 1285, in py_eval_bytecode
    return eval(bytecode, globals, locals)
           ~~~~^^^^^^^^^^^^^^^^^^^^^^^^^^^
  File "<none>", line 1, in <module>
NameError: name 'madre_off' is not defined

During handling of the above exception, another exception occurred:

Traceback (most recent call last):
  File "game/script.rpy", line 31, in script call
    call bosque_breton_infancia
  File "game/Scenes/Esc_2B.rpy", line 25, in script
    madre_off "¡Scott! ¡Es hora de volver!"
  File "renpy/ast.py", line 956, in execute
    who = eval_who(self.who, self.who_fast)
          ~~~~~~~~^^^^^^^^^^^^^^^^^^^^^^^^^
  File "renpy/ast.py", line 627, in eval_who
    raise Exception("Sayer '%s' is not defined." % who)
Exception: Sayer 'madre_off' is not defined.

While running game code:
NameError: name 'madre_off' is not defined

During handling of the above exception, another exception occurred:

Traceback (most recent call last):
  File "game/script.rpy", line 31, in script call
    call bosque_breton_infancia
  File "game/Scenes/Esc_2B.rpy", line 25, in script
    madre_off "¡Scott! ¡Es hora de volver!"
Exception: Sayer 'madre_off' is not defined.
Resetting cache.
Early init took 11 ms
Loading error handling took 10 ms
Loading script took 293 ms
Loading save slot metadata took 31 ms
Loading persistent took 1 ms
Running init code took 35 ms
Loading analysis data took 3 ms
Analyze and compile ATL took 2 ms
Reloading save slot metadata took 27 ms
Backing up script files to 'C:\\Users\\Casto\\AppData\\Roaming/RenPy/backups\\El-Signo-Amarillo':
Dump and make backups took 70 ms
Cleaning cache took 0 ms
Making clean stores took 0 ms
Initial gc took 57 ms
DPI scale factor: 1.000000
nvdrs: Loaded, about to disable thread optimizations.
nvdrs: Disabled thread optimizations.
Creating interface object took 238 ms
Init translation took 1 ms
Cleaning stores took 0 ms
Load screen analysis took 0 ms
Analyze screens took 8 ms
Save screen analysis took 10 ms
Save pyanalysis took 0 ms
Save bytecode took 1 ms
Running _start took 1 ms
Interface start took 234 ms

Initializing gl2 renderer:
primary display bounds: (0, 0, 1920, 1080)
swap interval: 1 frames
Windowed mode.
Vendor: 'NVIDIA Corporation'
Renderer: 'NVIDIA GeForce RTX 3060/PCIe/SSE2'
Version: '4.6.0 NVIDIA 581.29'
Display Info: <Info({'bitsize': 32, 'bytesize': 4, 'masks': (16711680, 65280, 255, 0), 'shifts': (16, 8, 0, 0), 'losses': (0, 0, 0, 8), 'current_w': 1920, 'current_h': 1080, 'refresh_rate': 144, 'hw': False, 'wm': True, 'video_mem': 268435456, 'blit_hw': False, 'blit_hw_CC': False, 'blit_hw_A': False, 'blit_sw': False, 'blit_sw_CC': False, 'blit_sw_A': False})>
Screen sizes: virtual=(1920, 1080) physical=(1196, 673) drawable=(1196, 673)
Maximum texture size: 4096x4096
Cleaning stores took 0 ms
Load screen analysis took 16 ms
Analyze screens took 0 ms
Running _start took 1 ms
Cleaning stores took 0 ms
Load screen analysis took 12 ms
Analyze screens took 0 ms
Running _start took 2 ms
